C:\xampp\php\php.exe : PHP 
Warning:  Module "openssl" is 
already loaded in Unknown on line 0
At line:1 char:1
+ C:\xampp\php\php.exe c:\xampp\htd
ocs\lgu3\test_email.php > 
test_outpu ...
+ ~~~~~~~~~~~~~~~~~~~~~~~~~~~~~~~~~
~~~~~~~~~~~~~~~~~~~~~~~~~~~~~~~~~~~
~
    + CategoryInfo          : NotS 
   pecified: (PHP Warning:  M...k  
  nown on line 0:String) [], Rem   
 oteException
    + FullyQualifiedErrorId : Nati 
   veCommandError
 

Warning: Module "openssl" is already loaded in Unknown on line 0
Attempting to send email...
2026-02-06 12:37:19	SERVER -> CLIENT: 220 smtp.gmail.com ESMTP d9443c01a7336-2a952222611sm22108605ad.90 - gsmtp
2026-02-06 12:37:19	CLIENT -> SERVER: EHLO kenn
2026-02-06 12:37:19	SERVER -> CLIENT: 250-smtp.gmail.com at your service, [112.203.170.230]
                   	                  250-SIZE 35882577
                   	                  250-8BITMIME
                   	                  250-AUTH LOGIN PLAIN XOAUTH2 PLAIN-CLIENTTOKEN OAUTHBEARER XOAUTH
                   	                  250-ENHANCEDSTATUSCODES
                   	                  250-PIPELINING
                   	                  250-CHUNKING
                   	                  250 SMTPUTF8
2026-02-06 12:37:19	CLIENT -> SERVER: AUTH LOGIN
2026-02-06 12:37:19	SERVER -> CLIENT: 334 VXNlcm5hbWU6
2026-02-06 12:37:19	CLIENT -> SERVER: [credentials hidden]
2026-02-06 12:37:19	SERVER -> CLIENT: 334 UGFzc3dvcmQ6
2026-02-06 12:37:19	CLIENT -> SERVER: [credentials hidden]
2026-02-06 12:37:19	SERVER -> CLIENT: 535-5.7.8 Username and Password not accepted. For more information, go to
                   	                  535 5.7.8  https://support.google.com/mail/?p=BadCredentials d9443c01a7336-2a952222611sm22108605ad.90 - gsmtp
2026-02-06 12:37:19	SMTP ERROR: Password command failed: 535-5.7.8 Username and Password not accepted. For more information, go to
                   	                  535 5.7.8  https://support.google.com/mail/?p=BadCredentials d9443c01a7336-2a952222611sm22108605ad.90 - gsmtp
2026-02-06 12:37:19	SMTP Error: Could not authenticate.
2026-02-06 12:37:19	CLIENT -> SERVER: QUIT
2026-02-06 12:37:20	SERVER -> CLIENT: 221 2.0.0 closing connection d9443c01a7336-2a952222611sm22108605ad.90 - gsmtp
2026-02-06 12:37:20	SMTP Error: Could not authenticate.
Message could not be sent. Mailer Error: SMTP Error: Could not authenticate.
